_mexFunction
_mexfilerequiredapiversion
_emlrtMexFcnProperties
_homobsdetect
_homobsdetect_initialize
_homobsdetect_terminate
_homobsdetect_atexit
_b_error
_div_s32
_emxEnsureCapacity_struct_T
_emxFree_struct_T
_emxInit_struct_T
_emxEnsureCapacity_real32_T
_emxEnsureCapacity_char_T
_emxEnsureCapacity_int8_T
_emxFree_int8_T
_emxInit_int8_T
_emxEnsureCapacity_cell_wrap_27
_emxExpand_cell_wrap_27
_emxTrim_cell_wrap_27
_emxCopyStruct_cell_wrap_27
_emxInitMatrix_cell_wrap_27
_emxInitStruct_cell_wrap_27
_emxFreeMatrix_cell_wrap_27
_emxEnsureCapacity_struct_T1
_emxExpand_struct_T
_emxTrim_struct_T
_emxInitStruct_struct_T
_emxCopyStruct_struct_T
_emxCopyMatrix_real_T1
_emxCopyMatrix_real_T2
_emxCopyMatrix_real_T
_emxCopy_real_T
_emxCopy_boolean_T
_emxEnsureCapacity_int32_T
_emxEnsureCapacity_real_T
_emxEnsureCapacity_boolean_T
_emxFree_int32_T
_emxFree_struct_T1
_emxFreeStruct_struct_T
_emxFree_cell_wrap_27
_emxFreeStruct_cell_wrap_27
_emxEnsureCapacity_struct_T2
_emxFree_struct_T2
_emxInit_int32_T
_emxInit_cell_wrap_27
_emxInit_struct_T1
_emxInit_struct_T2
_emxInitStruct_stereoParameters
_c_emxInitStruct_vision_internal
_emxInitMatrix_cameraParameters
_emxInitStruct_cameraParameters
_d_emxInitStruct_vision_internal
_emxInit_real_T
_emxInit_real32_T
_emxInit_char_T
_emxFreeStruct_stereoParameters
_d_emxFreeStruct_vision_internal
_emxFreeMatrix_cameraParameters
_emxFreeStruct_cameraParameters
_c_emxFreeStruct_vision_internal
_emxFree_real_T
_emxFree_char_T
_emxFree_real32_T
_emxFree_uint8_T
_emxInit_boolean_T
_emxFree_boolean_T
_emxInit_uint8_T
_emxEnsureCapacity_uint8_T
